{"L":"info","T":"2025/12/30 14:45:23.532386+0800","C":"consul/serviceHealth.go:60","M":"注册服务","service":"1"}
{"L":"info","T":"2025/12/30 14:45:23.550059+0800","C":"consul/serviceHealth.go:105","M":"注销服务","memberId":1}
{"L":"info","T":"2025/12/30 14:45:23.557481+0800","C":"consul/serviceHealth.go:60","M":"注册服务","service":"1"}
{"L":"info","T":"2025/12/30 14:45:23.566598+0800","C":"consul/serviceHealth.go:60","M":"注册服务","service":"2"}
{"L":"info","T":"2025/12/30 14:45:23.572528+0800","C":"consul/serviceHealth.go:60","M":"注册服务","service":"3"}
{"L":"info","T":"2025/12/30 14:45:23.582102+0800","C":"consul/serviceHealth.go:60","M":"注册服务","service":"4"}
{"L":"info","T":"2025/12/30 14:45:23.589946+0800","C":"consul/serviceHealth.go:60","M":"注册服务","service":"5"}
{"L":"info","T":"2025/12/30 14:45:23.598609+0800","C":"consul/serviceHealth.go:60","M":"注册服务","service":"6"}
{"L":"info","T":"2025/12/30 14:45:23.608604+0800","C":"consul/serviceHealth.go:60","M":"注册服务","service":"7"}
{"L":"info","T":"2025/12/30 14:45:23.616002+0800","C":"consul/serviceHealth.go:60","M":"注册服务","service":"8"}
{"L":"info","T":"2025/12/30 14:45:23.622551+0800","C":"consul/serviceHealth.go:60","M":"注册服务","service":"9"}
{"L":"info","T":"2025/12/30 14:45:23.632017+0800","C":"consul/serviceHealth.go:60","M":"注册服务","service":"10"}
{"L":"info","T":"2025/12/30 14:45:23.645466+0800","C":"consul/serviceHealth.go:60","M":"注册服务","service":"11"}
{"L":"info","T":"2025/12/30 14:45:23.659231+0800","C":"consul/serviceHealth.go:60","M":"注册服务","service":"12"}
{"L":"info","T":"2025/12/30 14:45:23.666559+0800","C":"consul/serviceHealth.go:60","M":"注册服务","service":"13"}
{"L":"info","T":"2025/12/30 14:45:23.677943+0800","C":"consul/serviceHealth.go:60","M":"注册服务","service":"14"}
{"L":"info","T":"2025/12/30 14:45:23.684490+0800","C":"consul/serviceHealth.go:60","M":"注册服务","service":"15"}
{"L":"info","T":"2025/12/30 14:45:23.694119+0800","C":"consul/serviceHealth.go:60","M":"注册服务","service":"16"}
{"L":"info","T":"2025/12/30 14:45:23.702660+0800","C":"consul/serviceHealth.go:60","M":"注册服务","service":"17"}
{"L":"info","T":"2025/12/30 14:45:23.711193+0800","C":"consul/serviceHealth.go:60","M":"注册服务","service":"18"}
{"L":"info","T":"2025/12/30 14:45:23.718596+0800","C":"consul/serviceHealth.go:60","M":"注册服务","service":"19"}
{"L":"info","T":"2025/12/30 14:45:23.729148+0800","C":"consul/serviceHealth.go:60","M":"注册服务","service":"20"}
{"L":"info","T":"2025/12/30 14:45:23.737742+0800","C":"consul/serviceHealth.go:60","M":"注册服务","service":"21"}
{"L":"info","T":"2025/12/30 14:45:23.746606+0800","C":"consul/serviceHealth.go:60","M":"注册服务","service":"22"}
{"L":"info","T":"2025/12/30 14:45:23.755033+0800","C":"consul/serviceHealth.go:60","M":"注册服务","service":"23"}
{"L":"info","T":"2025/12/30 14:45:23.768871+0800","C":"consul/serviceHealth.go:60","M":"注册服务","service":"24"}
{"L":"info","T":"2025/12/30 14:45:23.778270+0800","C":"consul/serviceHealth.go:60","M":"注册服务","service":"25"}
{"L":"info","T":"2025/12/30 14:45:23.786949+0800","C":"consul/serviceHealth.go:60","M":"注册服务","service":"26"}
{"L":"info","T":"2025/12/30 14:45:23.798746+0800","C":"consul/serviceHealth.go:60","M":"注册服务","service":"27"}
{"L":"info","T":"2025/12/30 14:45:23.811359+0800","C":"consul/serviceHealth.go:60","M":"注册服务","service":"28"}
{"L":"info","T":"2025/12/30 14:45:23.819518+0800","C":"consul/serviceHealth.go:60","M":"注册服务","service":"29"}
{"L":"info","T":"2025/12/30 14:45:23.832154+0800","C":"consul/serviceHealth.go:60","M":"注册服务","service":"30"}
{"L":"info","T":"2025/12/30 14:45:23.844935+0800","C":"consul/serviceHealth.go:60","M":"注册服务","service":"31"}
{"L":"info","T":"2025/12/30 14:45:23.852224+0800","C":"consul/serviceHealth.go:60","M":"注册服务","service":"32"}
{"L":"info","T":"2025/12/30 14:45:23.862779+0800","C":"consul/serviceHealth.go:60","M":"注册服务","service":"33"}
{"L":"info","T":"2025/12/30 14:45:23.872096+0800","C":"consul/serviceHealth.go:60","M":"注册服务","service":"34"}
{"L":"info","T":"2025/12/30 14:45:23.879343+0800","C":"consul/serviceHealth.go:60","M":"注册服务","service":"35"}
{"L":"info","T":"2025/12/30 14:45:23.889718+0800","C":"consul/serviceHealth.go:60","M":"注册服务","service":"36"}
{"L":"info","T":"2025/12/30 14:45:23.899968+0800","C":"consul/serviceHealth.go:60","M":"注册服务","service":"37"}
{"L":"info","T":"2025/12/30 14:45:23.913462+0800","C":"consul/serviceHealth.go:60","M":"注册服务","service":"38"}
{"L":"info","T":"2025/12/30 14:45:23.925222+0800","C":"consul/serviceHealth.go:105","M":"注销服务","memberId":1}
{"L":"info","T":"2025/12/30 14:45:23.925726+0800","C":"consul/serviceHealth.go:105","M":"注销服务","memberId":5}
{"L":"info","T":"2025/12/30 14:45:23.928794+0800","C":"consul/serviceHealth.go:105","M":"注销服务","memberId":10}
{"L":"info","T":"2025/12/30 14:45:23.931039+0800","C":"consul/serviceHealth.go:105","M":"注销服务","memberId":32}
{"L":"info","T":"2025/12/30 14:45:23.932554+0800","C":"consul/serviceHealth.go:105","M":"注销服务","memberId":28}
{"L":"info","T":"2025/12/30 14:45:23.935189+0800","C":"consul/serviceHealth.go:105","M":"注销服务","memberId":26}
{"L":"info","T":"2025/12/30 14:45:23.936703+0800","C":"consul/serviceHealth.go:105","M":"注销服务","memberId":9}
{"L":"info","T":"2025/12/30 14:45:23.938424+0800","C":"consul/serviceHealth.go:105","M":"注销服务","memberId":30}
{"L":"info","T":"2025/12/30 14:45:23.940592+0800","C":"consul/serviceHealth.go:105","M":"注销服务","memberId":31}
{"L":"info","T":"2025/12/30 14:45:23.942432+0800","C":"consul/serviceHealth.go:105","M":"注销服务","memberId":22}
{"L":"info","T":"2025/12/30 14:45:23.944910+0800","C":"consul/serviceHealth.go:105","M":"注销服务","memberId":21}
{"L":"info","T":"2025/12/30 14:45:23.946907+0800","C":"consul/serviceHealth.go:105","M":"注销服务","memberId":4}
{"L":"info","T":"2025/12/30 14:45:23.948938+0800","C":"consul/serviceHealth.go:105","M":"注销服务","memberId":17}
{"L":"info","T":"2025/12/30 14:45:23.951104+0800","C":"consul/serviceHealth.go:105","M":"注销服务","memberId":14}
{"L":"info","T":"2025/12/30 14:45:23.953162+0800","C":"consul/serviceHealth.go:105","M":"注销服务","memberId":34}
{"L":"info","T":"2025/12/30 14:45:23.955012+0800","C":"consul/serviceHealth.go:105","M":"注销服务","memberId":2}
{"L":"info","T":"2025/12/30 14:45:23.956527+0800","C":"consul/serviceHealth.go:105","M":"注销服务","memberId":16}
{"L":"info","T":"2025/12/30 14:45:23.959719+0800","C":"consul/serviceHealth.go:105","M":"注销服务","memberId":24}
{"L":"info","T":"2025/12/30 14:45:23.961824+0800","C":"consul/serviceHealth.go:105","M":"注销服务","memberId":6}
{"L":"info","T":"2025/12/30 14:45:23.963968+0800","C":"consul/serviceHealth.go:105","M":"注销服务","memberId":29}
{"L":"info","T":"2025/12/30 14:45:23.965856+0800","C":"consul/serviceHealth.go:105","M":"注销服务","memberId":18}
{"L":"info","T":"2025/12/30 14:45:23.966363+0800","C":"consul/serviceHealth.go:105","M":"注销服务","memberId":27}
{"L":"info","T":"2025/12/30 14:45:23.969226+0800","C":"consul/serviceHealth.go:105","M":"注销服务","memberId":19}
{"L":"info","T":"2025/12/30 14:45:23.971337+0800","C":"consul/serviceHealth.go:105","M":"注销服务","memberId":8}
{"L":"info","T":"2025/12/30 14:45:23.973688+0800","C":"consul/serviceHealth.go:105","M":"注销服务","memberId":23}
{"L":"info","T":"2025/12/30 14:45:23.975815+0800","C":"consul/serviceHealth.go:105","M":"注销服务","memberId":35}
{"L":"info","T":"2025/12/30 14:45:23.977904+0800","C":"consul/serviceHealth.go:105","M":"注销服务","memberId":7}
{"L":"info","T":"2025/12/30 14:45:23.979421+0800","C":"consul/serviceHealth.go:105","M":"注销服务","memberId":25}
{"L":"info","T":"2025/12/30 14:45:23.980564+0800","C":"consul/serviceHealth.go:105","M":"注销服务","memberId":37}
{"L":"info","T":"2025/12/30 14:45:23.982055+0800","C":"consul/serviceHealth.go:105","M":"注销服务","memberId":12}
{"L":"info","T":"2025/12/30 14:45:23.983409+0800","C":"consul/serviceHealth.go:105","M":"注销服务","memberId":15}
{"L":"info","T":"2025/12/30 14:45:23.984727+0800","C":"consul/serviceHealth.go:105","M":"注销服务","memberId":13}
{"L":"info","T":"2025/12/30 14:45:23.986154+0800","C":"consul/serviceHealth.go:105","M":"注销服务","memberId":11}
{"L":"info","T":"2025/12/30 14:45:23.986660+0800","C":"consul/serviceHealth.go:105","M":"注销服务","memberId":3}
{"L":"info","T":"2025/12/30 14:45:23.987667+0800","C":"consul/serviceHealth.go:105","M":"注销服务","memberId":36}
{"L":"info","T":"2025/12/30 14:45:23.992455+0800","C":"consul/serviceHealth.go:105","M":"注销服务","memberId":20}
{"L":"info","T":"2025/12/30 14:45:23.994586+0800","C":"consul/serviceHealth.go:105","M":"注销服务","memberId":33}
{"L":"info","T":"2025/12/30 14:45:23.997098+0800","C":"consul/serviceHealth.go:105","M":"注销服务","memberId":38}
{"L":"info","T":"2025/12/30 14:45:24.010192+0800","C":"consul/serviceHealth.go:60","M":"注册服务","service":"1"}
{"L":"info","T":"2025/12/30 14:45:24.029424+0800","C":"consul/serviceHealth.go:60","M":"注册服务","service":"2"}
{"L":"info","T":"2025/12/30 14:45:24.043647+0800","C":"consul/serviceHealth.go:60","M":"注册服务","service":"3"}
{"L":"info","T":"2025/12/30 14:45:24.055737+0800","C":"consul/serviceHealth.go:60","M":"注册服务","service":"4"}
{"L":"info","T":"2025/12/30 14:45:24.069584+0800","C":"consul/serviceHealth.go:60","M":"注册服务","service":"5"}
{"L":"info","T":"2025/12/30 14:45:24.082075+0800","C":"consul/serviceHealth.go:60","M":"注册服务","service":"6"}
{"L":"info","T":"2025/12/30 14:45:24.096304+0800","C":"consul/serviceHealth.go:60","M":"注册服务","service":"7"}
{"L":"info","T":"2025/12/30 14:45:24.108138+0800","C":"consul/serviceHealth.go:60","M":"注册服务","service":"8"}
{"L":"info","T":"2025/12/30 14:45:24.124349+0800","C":"consul/serviceHealth.go:60","M":"注册服务","service":"9"}
{"L":"info","T":"2025/12/30 14:45:24.134789+0800","C":"consul/serviceHealth.go:60","M":"注册服务","service":"10"}
{"L":"info","T":"2025/12/30 14:45:24.147031+0800","C":"consul/serviceHealth.go:60","M":"注册服务","service":"11"}
{"L":"info","T":"2025/12/30 14:45:24.158133+0800","C":"consul/serviceHealth.go:60","M":"注册服务","service":"12"}
{"L":"info","T":"2025/12/30 14:45:24.169190+0800","C":"consul/serviceHealth.go:60","M":"注册服务","service":"13"}
{"L":"info","T":"2025/12/30 14:45:24.181174+0800","C":"consul/serviceHealth.go:60","M":"注册服务","service":"14"}
{"L":"info","T":"2025/12/30 14:45:24.193696+0800","C":"consul/serviceHealth.go:60","M":"注册服务","service":"15"}
{"L":"info","T":"2025/12/30 14:45:24.204585+0800","C":"consul/serviceHealth.go:60","M":"注册服务","service":"16"}
{"L":"info","T":"2025/12/30 14:45:24.217028+0800","C":"consul/serviceHealth.go:60","M":"注册服务","service":"17"}
{"L":"info","T":"2025/12/30 14:45:24.230488+0800","C":"consul/serviceHealth.go:60","M":"注册服务","service":"18"}
{"L":"info","T":"2025/12/30 14:45:24.241060+0800","C":"consul/serviceHealth.go:60","M":"注册服务","service":"19"}
{"L":"info","T":"2025/12/30 14:45:24.258225+0800","C":"consul/serviceHealth.go:60","M":"注册服务","service":"20"}
{"L":"info","T":"2025/12/30 14:45:24.269259+0800","C":"consul/serviceHealth.go:60","M":"注册服务","service":"21"}
{"L":"info","T":"2025/12/30 14:45:24.286621+0800","C":"consul/serviceHealth.go:60","M":"注册服务","service":"22"}
{"L":"info","T":"2025/12/30 14:45:24.303429+0800","C":"consul/serviceHealth.go:60","M":"注册服务","service":"23"}
{"L":"info","T":"2025/12/30 14:45:24.316609+0800","C":"consul/serviceHealth.go:60","M":"注册服务","service":"24"}
{"L":"info","T":"2025/12/30 14:45:24.330520+0800","C":"consul/serviceHealth.go:60","M":"注册服务","service":"25"}
{"L":"info","T":"2025/12/30 14:45:24.346098+0800","C":"consul/serviceHealth.go:60","M":"注册服务","service":"26"}
{"L":"info","T":"2025/12/30 14:45:24.360706+0800","C":"consul/serviceHealth.go:60","M":"注册服务","service":"27"}
{"L":"info","T":"2025/12/30 14:45:24.373073+0800","C":"consul/serviceHealth.go:60","M":"注册服务","service":"28"}
{"L":"info","T":"2025/12/30 14:45:24.390484+0800","C":"consul/serviceHealth.go:60","M":"注册服务","service":"29"}
{"L":"info","T":"2025/12/30 14:45:24.403343+0800","C":"consul/serviceHealth.go:60","M":"注册服务","service":"30"}
{"L":"info","T":"2025/12/30 14:45:24.418279+0800","C":"consul/serviceHealth.go:60","M":"注册服务","service":"31"}
{"L":"info","T":"2025/12/30 14:45:24.431237+0800","C":"consul/serviceHealth.go:60","M":"注册服务","service":"32"}
{"L":"info","T":"2025/12/30 14:45:24.443225+0800","C":"consul/serviceHealth.go:60","M":"注册服务","service":"33"}
{"L":"info","T":"2025/12/30 14:45:24.458622+0800","C":"consul/serviceHealth.go:60","M":"注册服务","service":"34"}
{"L":"info","T":"2025/12/30 14:45:24.471430+0800","C":"consul/serviceHealth.go:60","M":"注册服务","service":"35"}
{"L":"info","T":"2025/12/30 14:45:24.488752+0800","C":"consul/serviceHealth.go:60","M":"注册服务","service":"36"}
{"L":"info","T":"2025/12/30 14:45:24.503793+0800","C":"consul/serviceHealth.go:60","M":"注册服务","service":"37"}
{"L":"info","T":"2025/12/30 14:45:24.521850+0800","C":"consul/serviceHealth.go:60","M":"注册服务","service":"38"}
{"L":"info","T":"2025/12/30 14:45:24.541704+0800","C":"consul/serviceHealth.go:60","M":"注册服务","service":"39"}
{"L":"info","T":"2025/12/30 14:45:24.556234+0800","C":"consul/serviceHealth.go:60","M":"注册服务","service":"40"}
{"L":"info","T":"2025/12/30 14:45:24.570874+0800","C":"consul/serviceHealth.go:60","M":"注册服务","service":"41"}
{"L":"info","T":"2025/12/30 14:45:24.585892+0800","C":"consul/serviceHealth.go:60","M":"注册服务","service":"42"}
{"L":"info","T":"2025/12/30 14:45:24.602353+0800","C":"consul/serviceHealth.go:60","M":"注册服务","service":"43"}
{"L":"info","T":"2025/12/30 14:45:24.618872+0800","C":"consul/serviceHealth.go:60","M":"注册服务","service":"44"}
{"L":"info","T":"2025/12/30 14:45:24.634691+0800","C":"consul/serviceHealth.go:60","M":"注册服务","service":"45"}
{"L":"info","T":"2025/12/30 14:45:24.647585+0800","C":"consul/serviceHealth.go:60","M":"注册服务","service":"46"}
{"L":"info","T":"2025/12/30 14:45:24.662268+0800","C":"consul/serviceHealth.go:60","M":"注册服务","service":"47"}
{"L":"info","T":"2025/12/30 14:45:24.674953+0800","C":"consul/serviceHealth.go:60","M":"注册服务","service":"48"}
{"L":"info","T":"2025/12/30 14:45:24.688130+0800","C":"consul/serviceHealth.go:60","M":"注册服务","service":"49"}
{"L":"info","T":"2025/12/30 14:45:24.705257+0800","C":"consul/serviceHealth.go:60","M":"注册服务","service":"50"}
{"L":"info","T":"2025/12/30 14:45:24.720790+0800","C":"consul/serviceHealth.go:60","M":"注册服务","service":"51"}
{"L":"info","T":"2025/12/30 14:45:24.731700+0800","C":"consul/serviceHealth.go:60","M":"注册服务","service":"52"}
{"L":"info","T":"2025/12/30 14:45:24.743818+0800","C":"consul/serviceHealth.go:60","M":"注册服务","service":"53"}
{"L":"info","T":"2025/12/30 14:45:24.758200+0800","C":"consul/serviceHealth.go:60","M":"注册服务","service":"54"}
{"L":"info","T":"2025/12/30 14:45:24.765663+0800","C":"consul/serviceHealth.go:60","M":"注册服务","service":"55"}
{"L":"info","T":"2025/12/30 14:45:24.776583+0800","C":"consul/serviceHealth.go:60","M":"注册服务","service":"56"}
{"L":"info","T":"2025/12/30 14:45:24.789487+0800","C":"consul/serviceHealth.go:60","M":"注册服务","service":"57"}
{"L":"info","T":"2025/12/30 14:45:24.799629+0800","C":"consul/serviceHealth.go:60","M":"注册服务","service":"58"}
{"L":"info","T":"2025/12/30 14:45:24.812752+0800","C":"consul/serviceHealth.go:60","M":"注册服务","service":"59"}
{"L":"info","T":"2025/12/30 14:45:24.824727+0800","C":"consul/serviceHealth.go:60","M":"注册服务","service":"60"}
{"L":"info","T":"2025/12/30 14:45:24.838188+0800","C":"consul/serviceHealth.go:60","M":"注册服务","service":"61"}
{"L":"info","T":"2025/12/30 14:45:24.853720+0800","C":"consul/serviceHealth.go:60","M":"注册服务","service":"62"}
{"L":"info","T":"2025/12/30 14:45:24.867925+0800","C":"consul/serviceHealth.go:60","M":"注册服务","service":"63"}
{"L":"info","T":"2025/12/30 14:45:24.891655+0800","C":"consul/serviceHealth.go:60","M":"注册服务","service":"64"}
{"L":"info","T":"2025/12/30 14:45:24.905686+0800","C":"consul/serviceHealth.go:60","M":"注册服务","service":"65"}
{"L":"info","T":"2025/12/30 14:45:24.923637+0800","C":"consul/serviceHealth.go:60","M":"注册服务","service":"66"}
{"L":"info","T":"2025/12/30 14:45:24.939793+0800","C":"consul/serviceHealth.go:60","M":"注册服务","service":"67"}
{"L":"info","T":"2025/12/30 14:45:24.956191+0800","C":"consul/serviceHealth.go:60","M":"注册服务","service":"68"}
{"L":"info","T":"2025/12/30 14:45:24.974324+0800","C":"consul/serviceHealth.go:60","M":"注册服务","service":"69"}
{"L":"info","T":"2025/12/30 14:45:24.992437+0800","C":"consul/serviceHealth.go:60","M":"注册服务","service":"70"}
{"L":"info","T":"2025/12/30 14:45:25.006595+0800","C":"consul/serviceHealth.go:60","M":"注册服务","service":"71"}
{"L":"info","T":"2025/12/30 14:45:25.022395+0800","C":"consul/serviceHealth.go:60","M":"注册服务","service":"72"}
{"L":"info","T":"2025/12/30 14:45:25.041026+0800","C":"consul/serviceHealth.go:60","M":"注册服务","service":"73"}
{"L":"info","T":"2025/12/30 14:45:25.055538+0800","C":"consul/serviceHealth.go:60","M":"注册服务","service":"74"}
{"L":"info","T":"2025/12/30 14:45:25.069310+0800","C":"consul/serviceHealth.go:60","M":"注册服务","service":"75"}
{"L":"info","T":"2025/12/30 14:45:25.080545+0800","C":"consul/serviceHealth.go:60","M":"注册服务","service":"76"}
{"L":"info","T":"2025/12/30 14:45:25.097535+0800","C":"consul/serviceHealth.go:60","M":"注册服务","service":"77"}
{"L":"info","T":"2025/12/30 14:45:25.116138+0800","C":"consul/serviceHealth.go:60","M":"注册服务","service":"78"}
{"L":"info","T":"2025/12/30 14:45:25.135167+0800","C":"consul/serviceHealth.go:60","M":"注册服务","service":"79"}
{"L":"info","T":"2025/12/30 14:45:25.153849+0800","C":"consul/serviceHealth.go:60","M":"注册服务","service":"80"}
{"L":"info","T":"2025/12/30 14:45:25.174089+0800","C":"consul/serviceHealth.go:60","M":"注册服务","service":"81"}
{"L":"info","T":"2025/12/30 14:45:25.194428+0800","C":"consul/serviceHealth.go:60","M":"注册服务","service":"82"}
{"L":"info","T":"2025/12/30 14:45:25.214989+0800","C":"consul/serviceHealth.go:60","M":"注册服务","service":"83"}
{"L":"info","T":"2025/12/30 14:45:25.236983+0800","C":"consul/serviceHealth.go:60","M":"注册服务","service":"84"}
{"L":"info","T":"2025/12/30 14:45:25.258033+0800","C":"consul/serviceHealth.go:60","M":"注册服务","service":"85"}
{"L":"info","T":"2025/12/30 14:45:25.277858+0800","C":"consul/serviceHealth.go:60","M":"注册服务","service":"86"}
{"L":"info","T":"2025/12/30 14:45:25.293575+0800","C":"consul/serviceHealth.go:60","M":"注册服务","service":"87"}
{"L":"info","T":"2025/12/30 14:45:25.308960+0800","C":"consul/serviceHealth.go:60","M":"注册服务","service":"88"}
{"L":"info","T":"2025/12/30 14:45:25.329907+0800","C":"consul/serviceHealth.go:60","M":"注册服务","service":"89"}
{"L":"info","T":"2025/12/30 14:45:25.347318+0800","C":"consul/serviceHealth.go:60","M":"注册服务","service":"90"}
{"L":"info","T":"2025/12/30 14:45:25.368427+0800","C":"consul/serviceHealth.go:60","M":"注册服务","service":"91"}
{"L":"info","T":"2025/12/30 14:45:25.385870+0800","C":"consul/serviceHealth.go:60","M":"注册服务","service":"92"}
{"L":"info","T":"2025/12/30 14:45:25.400106+0800","C":"consul/serviceHealth.go:60","M":"注册服务","service":"93"}
{"L":"info","T":"2025/12/30 14:45:25.419096+0800","C":"consul/serviceHealth.go:60","M":"注册服务","service":"94"}
{"L":"info","T":"2025/12/30 14:45:25.432975+0800","C":"consul/serviceHealth.go:60","M":"注册服务","service":"95"}
{"L":"info","T":"2025/12/30 14:45:25.449495+0800","C":"consul/serviceHealth.go:60","M":"注册服务","service":"96"}
{"L":"info","T":"2025/12/30 14:45:25.464543+0800","C":"consul/serviceHealth.go:60","M":"注册服务","service":"97"}
{"L":"info","T":"2025/12/30 14:45:25.484081+0800","C":"consul/serviceHealth.go:60","M":"注册服务","service":"98"}
{"L":"info","T":"2025/12/30 14:45:25.499400+0800","C":"consul/serviceHealth.go:60","M":"注册服务","service":"99"}
{"L":"info","T":"2025/12/30 14:45:25.518008+0800","C":"consul/serviceHealth.go:60","M":"注册服务","service":"100"}
{"L":"info","T":"2025/12/30 14:45:25.549741+0800","C":"consul/serviceHealth.go:60","M":"注册服务","service":"101"}
{"L":"info","T":"2025/12/30 14:45:25.593799+0800","C":"consul/serviceHealth.go:60","M":"注册服务","service":"102"}
{"L":"info","T":"2025/12/30 14:45:25.625603+0800","C":"consul/serviceHealth.go:105","M":"注销服务","memberId":85}
{"L":"info","T":"2025/12/30 14:45:25.628571+0800","C":"consul/serviceHealth.go:105","M":"注销服务","memberId":84}
{"L":"info","T":"2025/12/30 14:45:25.630039+0800","C":"consul/serviceHealth.go:105","M":"注销服务","memberId":79}
{"L":"info","T":"2025/12/30 14:45:25.632014+0800","C":"consul/serviceHealth.go:105","M":"注销服务","memberId":71}
{"L":"info","T":"2025/12/30 14:45:25.633523+0800","C":"consul/serviceHealth.go:105","M":"注销服务","memberId":11}
{"L":"info","T":"2025/12/30 14:45:25.635044+0800","C":"consul/serviceHealth.go:105","M":"注销服务","memberId":87}
{"L":"info","T":"2025/12/30 14:45:25.636556+0800","C":"consul/serviceHealth.go:105","M":"注销服务","memberId":72}
{"L":"info","T":"2025/12/30 14:45:25.637115+0800","C":"consul/serviceHealth.go:105","M":"注销服务","memberId":43}
{"L":"info","T":"2025/12/30 14:45:25.639572+0800","C":"consul/serviceHealth.go:105","M":"注销服务","memberId":45}
{"L":"info","T":"2025/12/30 14:45:25.641681+0800","C":"consul/serviceHealth.go:105","M":"注销服务","memberId":39}
{"L":"info","T":"2025/12/30 14:45:25.643193+0800","C":"consul/serviceHealth.go:105","M":"注销服务","memberId":30}
{"L":"info","T":"2025/12/30 14:45:25.644695+0800","C":"consul/serviceHealth.go:105","M":"注销服务","memberId":91}
{"L":"info","T":"2025/12/30 14:45:25.645950+0800","C":"consul/serviceHealth.go:105","M":"注销服务","memberId":50}
{"L":"info","T":"2025/12/30 14:45:25.646456+0800","C":"consul/serviceHealth.go:105","M":"注销服务","memberId":66}
{"L":"info","T":"2025/12/30 14:45:25.648942+0800","C":"consul/serviceHealth.go:105","M":"注销服务","memberId":80}
{"L":"info","T":"2025/12/30 14:45:25.650456+0800","C":"consul/serviceHealth.go:105","M":"注销服务","memberId":18}
{"L":"info","T":"2025/12/30 14:45:25.652612+0800","C":"consul/serviceHealth.go:105","M":"注销服务","memberId":92}
{"L":"info","T":"2025/12/30 14:45:25.654696+0800","C":"consul/serviceHealth.go:105","M":"注销服务","memberId":7}
{"L":"info","T":"2025/12/30 14:45:25.656209+0800","C":"consul/serviceHealth.go:105","M":"注销服务","memberId":81}
{"L":"info","T":"2025/12/30 14:45:25.659828+0800","C":"consul/serviceHealth.go:105","M":"注销服务","memberId":67}
{"L":"info","T":"2025/12/30 14:45:25.662413+0800","C":"consul/serviceHealth.go:105","M":"注销服务","memberId":17}
{"L":"info","T":"2025/12/30 14:45:25.664338+0800","C":"consul/serviceHealth.go:105","M":"注销服务","memberId":27}
{"L":"info","T":"2025/12/30 14:45:25.666789+0800","C":"consul/serviceHealth.go:105","M":"注销服务","memberId":95}
{"L":"info","T":"2025/12/30 14:45:25.667810+0800","C":"consul/serviceHealth.go:105","M":"注销服务","memberId":49}
{"L":"info","T":"2025/12/30 14:45:25.670960+0800","C":"consul/serviceHealth.go:105","M":"注销服务","memberId":94}
{"L":"info","T":"2025/12/30 14:45:25.672473+0800","C":"consul/serviceHealth.go:105","M":"注销服务","memberId":14}
{"L":"info","T":"2025/12/30 14:45:25.675725+0800","C":"consul/serviceHealth.go:105","M":"注销服务","memberId":101}
{"L":"info","T":"2025/12/30 14:45:25.677770+0800","C":"consul/serviceHealth.go:105","M":"注销服务","memberId":31}
{"L":"info","T":"2025/12/30 14:45:25.679318+0800","C":"consul/serviceHealth.go:105","M":"注销服务","memberId":26}
{"L":"info","T":"2025/12/30 14:45:25.681387+0800","C":"consul/serviceHealth.go:105","M":"注销服务","memberId":2}
{"L":"info","T":"2025/12/30 14:45:25.683005+0800","C":"consul/serviceHealth.go:105","M":"注销服务","memberId":29}
{"L":"info","T":"2025/12/30 14:45:25.684587+0800","C":"consul/serviceHealth.go:105","M":"注销服务","memberId":78}
{"L":"info","T":"2025/12/30 14:45:25.685930+0800","C":"consul/serviceHealth.go:105","M":"注销服务","memberId":13}
{"L":"info","T":"2025/12/30 14:45:25.686436+0800","C":"consul/serviceHealth.go:105","M":"注销服务","memberId":60}
{"L":"info","T":"2025/12/30 14:45:25.688967+0800","C":"consul/serviceHealth.go:105","M":"注销服务","memberId":69}
{"L":"info","T":"2025/12/30 14:45:25.692168+0800","C":"consul/serviceHealth.go:105","M":"注销服务","memberId":36}
{"L":"info","T":"2025/12/30 14:45:25.693541+0800","C":"consul/serviceHealth.go:105","M":"注销服务","memberId":97}
{"L":"info","T":"2025/12/30 14:45:25.695659+0800","C":"consul/serviceHealth.go:105","M":"注销服务","memberId":21}
{"L":"info","T":"2025/12/30 14:45:25.697172+0800","C":"consul/serviceHealth.go:105","M":"注销服务","memberId":77}
{"L":"info","T":"2025/12/30 14:45:25.698918+0800","C":"consul/serviceHealth.go:105","M":"注销服务","memberId":56}
{"L":"info","T":"2025/12/30 14:45:25.700431+0800","C":"consul/serviceHealth.go:105","M":"注销服务","memberId":96}
{"L":"info","T":"2025/12/30 14:45:25.701946+0800","C":"consul/serviceHealth.go:105","M":"注销服务","memberId":55}
{"L":"info","T":"2025/12/30 14:45:25.703634+0800","C":"consul/serviceHealth.go:105","M":"注销服务","memberId":8}
{"L":"info","T":"2025/12/30 14:45:25.705252+0800","C":"consul/serviceHealth.go:105","M":"注销服务","memberId":19}
{"L":"info","T":"2025/12/30 14:45:25.707012+0800","C":"consul/serviceHealth.go:105","M":"注销服务","memberId":54}
{"L":"info","T":"2025/12/30 14:45:25.709944+0800","C":"consul/serviceHealth.go:105","M":"注销服务","memberId":12}
{"L":"info","T":"2025/12/30 14:45:25.712072+0800","C":"consul/serviceHealth.go:105","M":"注销服务","memberId":48}
{"L":"info","T":"2025/12/30 14:45:25.716305+0800","C":"consul/serviceHealth.go:105","M":"注销服务","memberId":4}
{"L":"info","T":"2025/12/30 14:45:25.718125+0800","C":"consul/serviceHealth.go:105","M":"注销服务","memberId":22}
{"L":"info","T":"2025/12/30 14:45:25.719639+0800","C":"consul/serviceHealth.go:105","M":"注销服务","memberId":70}
{"L":"info","T":"2025/12/30 14:45:25.720241+0800","C":"consul/serviceHealth.go:105","M":"注销服务","memberId":44}
{"L":"info","T":"2025/12/30 14:45:25.723395+0800","C":"consul/serviceHealth.go:105","M":"注销服务","memberId":34}
{"L":"info","T":"2025/12/30 14:45:25.726318+0800","C":"consul/serviceHealth.go:105","M":"注销服务","memberId":16}
{"L":"info","T":"2025/12/30 14:45:25.728992+0800","C":"consul/serviceHealth.go:105","M":"注销服务","memberId":61}
{"L":"info","T":"2025/12/30 14:45:25.730505+0800","C":"consul/serviceHealth.go:105","M":"注销服务","memberId":40}
{"L":"info","T":"2025/12/30 14:45:25.732294+0800","C":"consul/serviceHealth.go:105","M":"注销服务","memberId":38}
{"L":"info","T":"2025/12/30 14:45:25.734546+0800","C":"consul/serviceHealth.go:105","M":"注销服务","memberId":73}
{"L":"info","T":"2025/12/30 14:45:25.736963+0800","C":"consul/serviceHealth.go:105","M":"注销服务","memberId":64}
{"L":"info","T":"2025/12/30 14:45:25.739009+0800","C":"consul/serviceHealth.go:105","M":"注销服务","memberId":1}
{"L":"info","T":"2025/12/30 14:45:25.741610+0800","C":"consul/serviceHealth.go:105","M":"注销服务","memberId":51}
{"L":"info","T":"2025/12/30 14:45:25.743930+0800","C":"consul/serviceHealth.go:105","M":"注销服务","memberId":74}
{"L":"info","T":"2025/12/30 14:45:25.745591+0800","C":"consul/serviceHealth.go:105","M":"注销服务","memberId":93}
{"L":"info","T":"2025/12/30 14:45:25.746267+0800","C":"consul/serviceHealth.go:105","M":"注销服务","memberId":52}
{"L":"info","T":"2025/12/30 14:45:25.748797+0800","C":"consul/serviceHealth.go:105","M":"注销服务","memberId":90}
{"L":"info","T":"2025/12/30 14:45:25.750318+0800","C":"consul/serviceHealth.go:105","M":"注销服务","memberId":33}
{"L":"info","T":"2025/12/30 14:45:25.751548+0800","C":"consul/serviceHealth.go:105","M":"注销服务","memberId":86}
{"L":"info","T":"2025/12/30 14:45:25.753062+0800","C":"consul/serviceHealth.go:105","M":"注销服务","memberId":32}
{"L":"info","T":"2025/12/30 14:45:25.754573+0800","C":"consul/serviceHealth.go:105","M":"注销服务","memberId":15}
{"L":"info","T":"2025/12/30 14:45:25.755860+0800","C":"consul/serviceHealth.go:105","M":"注销服务","memberId":46}
{"L":"info","T":"2025/12/30 14:45:25.757970+0800","C":"consul/serviceHealth.go:105","M":"注销服务","memberId":3}
{"L":"info","T":"2025/12/30 14:45:25.760543+0800","C":"consul/serviceHealth.go:105","M":"注销服务","memberId":89}
{"L":"info","T":"2025/12/30 14:45:25.762056+0800","C":"consul/serviceHealth.go:105","M":"注销服务","memberId":10}
{"L":"info","T":"2025/12/30 14:45:25.764557+0800","C":"consul/serviceHealth.go:105","M":"注销服务","memberId":9}
{"L":"info","T":"2025/12/30 14:45:25.765766+0800","C":"consul/serviceHealth.go:105","M":"注销服务","memberId":83}
{"L":"info","T":"2025/12/30 14:45:25.767162+0800","C":"consul/serviceHealth.go:105","M":"注销服务","memberId":82}
{"L":"info","T":"2025/12/30 14:45:25.768183+0800","C":"consul/serviceHealth.go:105","M":"注销服务","memberId":98}
{"L":"info","T":"2025/12/30 14:45:25.769778+0800","C":"consul/serviceHealth.go:105","M":"注销服务","memberId":99}
{"L":"info","T":"2025/12/30 14:45:25.771254+0800","C":"consul/serviceHealth.go:105","M":"注销服务","memberId":28}
{"L":"info","T":"2025/12/30 14:45:25.772550+0800","C":"consul/serviceHealth.go:105","M":"注销服务","memberId":25}
{"L":"info","T":"2025/12/30 14:45:25.774402+0800","C":"consul/serviceHealth.go:105","M":"注销服务","memberId":100}
{"L":"info","T":"2025/12/30 14:45:25.775914+0800","C":"consul/serviceHealth.go:105","M":"注销服务","memberId":58}
{"L":"info","T":"2025/12/30 14:45:25.776538+0800","C":"consul/serviceHealth.go:105","M":"注销服务","memberId":63}
{"L":"info","T":"2025/12/30 14:45:25.779090+0800","C":"consul/serviceHealth.go:105","M":"注销服务","memberId":65}
{"L":"info","T":"2025/12/30 14:45:25.780562+0800","C":"consul/serviceHealth.go:105","M":"注销服务","memberId":47}
{"L":"info","T":"2025/12/30 14:45:25.781936+0800","C":"consul/serviceHealth.go:105","M":"注销服务","memberId":35}
{"L":"info","T":"2025/12/30 14:45:25.783453+0800","C":"consul/serviceHealth.go:105","M":"注销服务","memberId":62}
{"L":"info","T":"2025/12/30 14:45:25.784954+0800","C":"consul/serviceHealth.go:105","M":"注销服务","memberId":59}
{"L":"info","T":"2025/12/30 14:45:25.786469+0800","C":"consul/serviceHealth.go:105","M":"注销服务","memberId":53}
{"L":"info","T":"2025/12/30 14:45:25.787100+0800","C":"consul/serviceHealth.go:105","M":"注销服务","memberId":88}
{"L":"info","T":"2025/12/30 14:45:25.790228+0800","C":"consul/serviceHealth.go:105","M":"注销服务","memberId":20}
{"L":"info","T":"2025/12/30 14:45:25.792501+0800","C":"consul/serviceHealth.go:105","M":"注销服务","memberId":24}
{"L":"info","T":"2025/12/30 14:45:25.794017+0800","C":"consul/serviceHealth.go:105","M":"注销服务","memberId":57}
{"L":"info","T":"2025/12/30 14:45:25.796352+0800","C":"consul/serviceHealth.go:105","M":"注销服务","memberId":5}
{"L":"info","T":"2025/12/30 14:45:25.799117+0800","C":"consul/serviceHealth.go:105","M":"注销服务","memberId":68}
{"L":"info","T":"2025/12/30 14:45:25.801432+0800","C":"consul/serviceHealth.go:105","M":"注销服务","memberId":23}
{"L":"info","T":"2025/12/30 14:45:25.803561+0800","C":"consul/serviceHealth.go:105","M":"注销服务","memberId":37}
{"L":"info","T":"2025/12/30 14:45:25.807963+0800","C":"consul/serviceHealth.go:105","M":"注销服务","memberId":75}
{"L":"info","T":"2025/12/30 14:45:25.811366+0800","C":"consul/serviceHealth.go:105","M":"注销服务","memberId":41}
{"L":"info","T":"2025/12/30 14:45:25.813466+0800","C":"consul/serviceHealth.go:105","M":"注销服务","memberId":6}
{"L":"info","T":"2025/12/30 14:45:25.815937+0800","C":"consul/serviceHealth.go:105","M":"注销服务","memberId":76}
{"L":"info","T":"2025/12/30 14:45:25.816444+0800","C":"consul/serviceHealth.go:105","M":"注销服务","memberId":42}
{"L":"info","T":"2025/12/30 14:45:25.820332+0800","C":"consul/serviceHealth.go:105","M":"注销服务","memberId":102}
{"L":"info","T":"2026/01/27 15:22:21.625849+0800","C":"consul/consul_test.go:16","M":"节点发生变化 topology:&{All:[0xc0002c62d0] Alive:[] Joined:[0xc0002c62d0] Left:[]}"}
{"L":"info","T":"2026/01/27 15:22:23.629108+0800","C":"consul/consul_test.go:16","M":"节点发生变化 topology:&{All:[] Alive:[] Joined:[] Left:[0xc0002c6410]}"}
{"L":"info","T":"2026/01/27 15:23:01.009778+0800","C":"consul/consul_test.go:16","M":"节点发生变化 topology:&{All:[0xc0001bc0f0] Alive:[] Joined:[0xc0001bc0f0] Left:[]}"}
{"L":"info","T":"2026/01/27 15:23:03.011766+0800","C":"consul/consul_test.go:16","M":"节点发生变化 topology:&{All:[] Alive:[] Joined:[] Left:[0xc00023e2d0]}"}
{"L":"info","T":"2026/01/27 15:23:42.807915+0800","C":"consul/consul_test.go:17","M":"节点发生变化","topology":{"All":[{"id":1,"kind":"test","address":"127.0.0.1","port":8080,"tags":[],"meta":null}],"Alive":null,"Joined":[{"id":1,"kind":"test","address":"127.0.0.1","port":8080,"tags":[],"meta":null}],"Left":null}}
{"L":"info","T":"2026/01/27 15:23:44.809133+0800","C":"consul/consul_test.go:17","M":"节点发生变化","topology":{"All":null,"Alive":null,"Joined":null,"Left":[{"id":1,"kind":"test","address":"127.0.0.1","port":8080,"tags":[],"meta":null}]}}
{"L":"info","T":"2026/01/27 15:24:34.500633+0800","C":"consul/consul_test.go:17","M":"节点发生变化","topology":{"All":[{"id":1,"kind":"test","address":"127.0.0.1","port":8080,"tags":[],"meta":null}],"Alive":null,"Joined":[{"id":1,"kind":"test","address":"127.0.0.1","port":8080,"tags":[],"meta":null}],"Left":null}}
{"L":"info","T":"2026/01/27 15:24:36.508967+0800","C":"consul/consul_test.go:17","M":"节点发生变化","topology":{"All":null,"Alive":null,"Joined":null,"Left":[{"id":1,"kind":"test","address":"127.0.0.1","port":8081,"tags":[],"meta":null}]}}
{"L":"info","T":"2026/01/27 15:25:54.004447+0800","C":"consul/consul_test.go:17","M":"节点发生变化","topology":{"All":[{"id":1,"kind":"test","address":"127.0.0.1","port":8080,"tags":[],"meta":null}],"Alive":null,"Joined":[{"id":1,"kind":"test","address":"127.0.0.1","port":8080,"tags":[],"meta":null}],"Left":null}}
{"L":"info","T":"2026/01/27 15:26:26.433807+0800","C":"consul/consul_test.go:17","M":"节点发生变化","topology":{"All":null,"Alive":null,"Joined":null,"Left":[{"id":1,"kind":"test","address":"127.0.0.1","port":8080,"tags":[],"meta":null}]}}
{"L":"info","T":"2026/01/27 15:26:26.436226+0800","C":"consul/consul_test.go:17","M":"节点发生变化","topology":{"All":[{"id":1,"kind":"test","address":"127.0.0.1","port":8080,"tags":[],"meta":null}],"Alive":null,"Joined":[{"id":1,"kind":"test","address":"127.0.0.1","port":8080,"tags":[],"meta":null}],"Left":null}}
{"L":"info","T":"2026/01/27 15:26:30.129764+0800","C":"consul/consul_test.go:17","M":"节点发生变化","topology":{"All":null,"Alive":null,"Joined":null,"Left":[{"id":1,"kind":"test","address":"127.0.0.1","port":8081,"tags":[],"meta":null}]}}
{"L":"info","T":"2026/01/27 15:26:30.130274+0800","C":"consul/consul_test.go:17","M":"节点发生变化","topology":{"All":[{"id":1,"kind":"test","address":"127.0.0.1","port":8081,"tags":[],"meta":null}],"Alive":null,"Joined":[{"id":1,"kind":"test","address":"127.0.0.1","port":8081,"tags":[],"meta":null}],"Left":null}}
{"L":"info","T":"2026/01/27 15:26:31.129100+0800","C":"consul/consul_test.go:17","M":"节点发生变化","topology":{"All":null,"Alive":null,"Joined":null,"Left":[{"id":1,"kind":"test","address":"127.0.0.1","port":8081,"tags":[],"meta":null}]}}
{"L":"info","T":"2026/01/27 15:26:45.530384+0800","C":"consul/consul_test.go:17","M":"节点发生变化","topology":{"All":[{"id":1,"kind":"test","address":"127.0.0.1","port":8080,"tags":[],"meta":null}],"Alive":null,"Joined":[{"id":1,"kind":"test","address":"127.0.0.1","port":8080,"tags":[],"meta":null}],"Left":null}}
{"L":"info","T":"2026/01/27 15:26:47.543891+0800","C":"consul/consul_test.go:17","M":"节点发生变化","topology":{"All":null,"Alive":null,"Joined":null,"Left":[{"id":1,"kind":"test","address":"127.0.0.1","port":8081,"tags":[],"meta":null}]}}
{"L":"debug","T":"2026/01/27 15:28:10.768796+0800","C":"consul/watcher.go:110","M":"consul watch fetch","services":[]}
{"L":"debug","T":"2026/01/27 15:28:10.788256+0800","C":"consul/watcher.go:110","M":"consul watch fetch","services":[{"Node":{"ID":"eb4b7e47-4ddd-1c8d-03cf-171ed347e180","Node":"CC-20251015OGSI","Address":"127.0.0.1","Datacenter":"dc1","TaggedAddresses":{"lan":"127.0.0.1","lan_ipv4":"127.0.0.1","wan":"127.0.0.1","wan_ipv4":"127.0.0.1"},"Meta":{"consul-network-segment":""},"CreateIndex":13,"ModifyIndex":14},"Service":{"ID":"1","Service":"test","Tags":[],"Meta":null,"Port":8080,"Address":"127.0.0.1","TaggedAddresses":{"lan_ipv4":{"Address":"127.0.0.1","Port":8080},"wan_ipv4":{"Address":"127.0.0.1","Port":8080}},"Weights":{"Passing":1,"Warning":1},"EnableTagOverride":false,"CreateIndex":100,"ModifyIndex":100,"Proxy":{"MeshGateway":{},"Expose":{}},"Connect":{}},"Checks":[{"Node":"CC-20251015OGSI","CheckID":"serfHealth","Name":"Serf Health Status","Status":"passing","Notes":"","Output":"Agent alive and reachable","ServiceID":"","ServiceName":"","ServiceTags":[],"Type":"","ExposedPort":0,"Definition":{"Interval":"0s","Timeout":"0s","DeregisterCriticalServiceAfter":"0s","HTTP":"","Header":null,"Method":"","Body":"","TLSServerName":"","TLSSkipVerify":false,"TCP":"","TCPUseTLS":false,"UDP":"","GRPC":"","OSService":"","GRPCUseTLS":false},"CreateIndex":13,"ModifyIndex":13},{"Node":"CC-20251015OGSI","CheckID":"service:1","Name":"Service 'test' check","Status":"passing","Notes":"","Output":"","ServiceID":"1","ServiceName":"test","ServiceTags":[],"Type":"ttl","ExposedPort":0,"Definition":{"Interval":"0s","Timeout":"0s","DeregisterCriticalServiceAfter":"0s","HTTP":"","Header":null,"Method":"","Body":"","TLSServerName":"","TLSSkipVerify":false,"TCP":"","TCPUseTLS":false,"UDP":"","GRPC":"","OSService":"","GRPCUseTLS":false},"CreateIndex":100,"ModifyIndex":101}]}]}
{"L":"info","T":"2026/01/27 15:28:10.788784+0800","C":"consul/consul_test.go:17","M":"节点发生变化","topology":{"All":[{"id":1,"kind":"test","address":"127.0.0.1","port":8080,"tags":[],"meta":null}],"Alive":null,"Joined":[{"id":1,"kind":"test","address":"127.0.0.1","port":8080,"tags":[],"meta":null}],"Left":null}}
{"L":"debug","T":"2026/01/27 15:28:11.787497+0800","C":"consul/watcher.go:110","M":"consul watch fetch","services":[{"Node":{"ID":"eb4b7e47-4ddd-1c8d-03cf-171ed347e180","Node":"CC-20251015OGSI","Address":"127.0.0.1","Datacenter":"dc1","TaggedAddresses":{"lan":"127.0.0.1","lan_ipv4":"127.0.0.1","wan":"127.0.0.1","wan_ipv4":"127.0.0.1"},"Meta":{"consul-network-segment":""},"CreateIndex":13,"ModifyIndex":14},"Service":{"ID":"1","Service":"test","Tags":[],"Meta":null,"Port":8081,"Address":"127.0.0.1","TaggedAddresses":{"lan_ipv4":{"Address":"127.0.0.1","Port":8081},"wan_ipv4":{"Address":"127.0.0.1","Port":8081}},"Weights":{"Passing":1,"Warning":1},"EnableTagOverride":false,"CreateIndex":100,"ModifyIndex":102,"Proxy":{"MeshGateway":{},"Expose":{}},"Connect":{}},"Checks":[{"Node":"CC-20251015OGSI","CheckID":"serfHealth","Name":"Serf Health Status","Status":"passing","Notes":"","Output":"Agent alive and reachable","ServiceID":"","ServiceName":"","ServiceTags":[],"Type":"","ExposedPort":0,"Definition":{"Interval":"0s","Timeout":"0s","DeregisterCriticalServiceAfter":"0s","HTTP":"","Header":null,"Method":"","Body":"","TLSServerName":"","TLSSkipVerify":false,"TCP":"","TCPUseTLS":false,"UDP":"","GRPC":"","OSService":"","GRPCUseTLS":false},"CreateIndex":13,"ModifyIndex":13},{"Node":"CC-20251015OGSI","CheckID":"service:1","Name":"Service 'test' check","Status":"passing","Notes":"","Output":"","ServiceID":"1","ServiceName":"test","ServiceTags":[],"Type":"ttl","ExposedPort":0,"Definition":{"Interval":"0s","Timeout":"0s","DeregisterCriticalServiceAfter":"0s","HTTP":"","Header":null,"Method":"","Body":"","TLSServerName":"","TLSSkipVerify":false,"TCP":"","TCPUseTLS":false,"UDP":"","GRPC":"","OSService":"","GRPCUseTLS":false},"CreateIndex":100,"ModifyIndex":101}]}]}
{"L":"debug","T":"2026/01/27 15:28:12.788880+0800","C":"consul/watcher.go:110","M":"consul watch fetch","services":[{"Node":{"ID":"eb4b7e47-4ddd-1c8d-03cf-171ed347e180","Node":"CC-20251015OGSI","Address":"127.0.0.1","Datacenter":"dc1","TaggedAddresses":{"lan":"127.0.0.1","lan_ipv4":"127.0.0.1","wan":"127.0.0.1","wan_ipv4":"127.0.0.1"},"Meta":{"consul-network-segment":""},"CreateIndex":13,"ModifyIndex":14},"Service":{"ID":"1","Service":"test","Tags":[],"Meta":null,"Port":8081,"Address":"127.0.0.1","TaggedAddresses":{"lan_ipv4":{"Address":"127.0.0.1","Port":8081},"wan_ipv4":{"Address":"127.0.0.1","Port":8081}},"Weights":{"Passing":1,"Warning":1},"EnableTagOverride":false,"CreateIndex":100,"ModifyIndex":102,"Proxy":{"MeshGateway":{},"Expose":{}},"Connect":{}},"Checks":[{"Node":"CC-20251015OGSI","CheckID":"serfHealth","Name":"Serf Health Status","Status":"passing","Notes":"","Output":"Agent alive and reachable","ServiceID":"","ServiceName":"","ServiceTags":[],"Type":"","ExposedPort":0,"Definition":{"Interval":"0s","Timeout":"0s","DeregisterCriticalServiceAfter":"0s","HTTP":"","Header":null,"Method":"","Body":"","TLSServerName":"","TLSSkipVerify":false,"TCP":"","TCPUseTLS":false,"UDP":"","GRPC":"","OSService":"","GRPCUseTLS":false},"CreateIndex":13,"ModifyIndex":13},{"Node":"CC-20251015OGSI","CheckID":"service:1","Name":"Service 'test' check","Status":"passing","Notes":"","Output":"","ServiceID":"1","ServiceName":"test","ServiceTags":[],"Type":"ttl","ExposedPort":0,"Definition":{"Interval":"0s","Timeout":"0s","DeregisterCriticalServiceAfter":"0s","HTTP":"","Header":null,"Method":"","Body":"","TLSServerName":"","TLSSkipVerify":false,"TCP":"","TCPUseTLS":false,"UDP":"","GRPC":"","OSService":"","GRPCUseTLS":false},"CreateIndex":100,"ModifyIndex":101}]}]}
{"L":"debug","T":"2026/01/27 15:28:12.789479+0800","C":"consul/watcher.go:110","M":"consul watch fetch","services":[]}
{"L":"info","T":"2026/01/27 15:28:12.789479+0800","C":"consul/consul_test.go:17","M":"节点发生变化","topology":{"All":null,"Alive":null,"Joined":null,"Left":[{"id":1,"kind":"test","address":"127.0.0.1","port":8081,"tags":[],"meta":null}]}}
{"L":"debug","T":"2026/01/27 15:28:13.789831+0800","C":"consul/watcher.go:110","M":"consul watch fetch","services":[]}
{"L":"debug","T":"2026/01/27 15:28:13.795973+0800","C":"consul/watcher.go:110","M":"consul watch fetch","services":[]}
{"L":"debug","T":"2026/01/27 15:28:13.797824+0800","C":"consul/watcher.go:110","M":"consul watch fetch","services":[{"Node":{"ID":"eb4b7e47-4ddd-1c8d-03cf-171ed347e180","Node":"CC-20251015OGSI","Address":"127.0.0.1","Datacenter":"dc1","TaggedAddresses":{"lan":"127.0.0.1","lan_ipv4":"127.0.0.1","wan":"127.0.0.1","wan_ipv4":"127.0.0.1"},"Meta":{"consul-network-segment":""},"CreateIndex":13,"ModifyIndex":14},"Service":{"ID":"1","Service":"test","Tags":[],"Meta":null,"Port":8081,"Address":"127.0.0.1","TaggedAddresses":{"lan_ipv4":{"Address":"127.0.0.1","Port":8081},"wan_ipv4":{"Address":"127.0.0.1","Port":8081}},"Weights":{"Passing":1,"Warning":1},"EnableTagOverride":false,"CreateIndex":104,"ModifyIndex":104,"Proxy":{"MeshGateway":{},"Expose":{}},"Connect":{}},"Checks":[{"Node":"CC-20251015OGSI","CheckID":"serfHealth","Name":"Serf Health Status","Status":"passing","Notes":"","Output":"Agent alive and reachable","ServiceID":"","ServiceName":"","ServiceTags":[],"Type":"","ExposedPort":0,"Definition":{"Interval":"0s","Timeout":"0s","DeregisterCriticalServiceAfter":"0s","HTTP":"","Header":null,"Method":"","Body":"","TLSServerName":"","TLSSkipVerify":false,"TCP":"","TCPUseTLS":false,"UDP":"","GRPC":"","OSService":"","GRPCUseTLS":false},"CreateIndex":13,"ModifyIndex":13},{"Node":"CC-20251015OGSI","CheckID":"service:1","Name":"Service 'test' check","Status":"passing","Notes":"","Output":"","ServiceID":"1","ServiceName":"test","ServiceTags":[],"Type":"ttl","ExposedPort":0,"Definition":{"Interval":"0s","Timeout":"0s","DeregisterCriticalServiceAfter":"0s","HTTP":"","Header":null,"Method":"","Body":"","TLSServerName":"","TLSSkipVerify":false,"TCP":"","TCPUseTLS":false,"UDP":"","GRPC":"","OSService":"","GRPCUseTLS":false},"CreateIndex":104,"ModifyIndex":105}]}]}
{"L":"debug","T":"2026/01/27 15:28:14.798690+0800","C":"consul/watcher.go:110","M":"consul watch fetch","services":[{"Node":{"ID":"eb4b7e47-4ddd-1c8d-03cf-171ed347e180","Node":"CC-20251015OGSI","Address":"127.0.0.1","Datacenter":"dc1","TaggedAddresses":{"lan":"127.0.0.1","lan_ipv4":"127.0.0.1","wan":"127.0.0.1","wan_ipv4":"127.0.0.1"},"Meta":{"consul-network-segment":""},"CreateIndex":13,"ModifyIndex":14},"Service":{"ID":"1","Service":"test","Tags":[],"Meta":null,"Port":8081,"Address":"127.0.0.1","TaggedAddresses":{"lan_ipv4":{"Address":"127.0.0.1","Port":8081},"wan_ipv4":{"Address":"127.0.0.1","Port":8081}},"Weights":{"Passing":1,"Warning":1},"EnableTagOverride":false,"CreateIndex":104,"ModifyIndex":104,"Proxy":{"MeshGateway":{},"Expose":{}},"Connect":{}},"Checks":[{"Node":"CC-20251015OGSI","CheckID":"serfHealth","Name":"Serf Health Status","Status":"passing","Notes":"","Output":"Agent alive and reachable","ServiceID":"","ServiceName":"","ServiceTags":[],"Type":"","ExposedPort":0,"Definition":{"Interval":"0s","Timeout":"0s","DeregisterCriticalServiceAfter":"0s","HTTP":"","Header":null,"Method":"","Body":"","TLSServerName":"","TLSSkipVerify":false,"TCP":"","TCPUseTLS":false,"UDP":"","GRPC":"","OSService":"","GRPCUseTLS":false},"CreateIndex":13,"ModifyIndex":13},{"Node":"CC-20251015OGSI","CheckID":"service:1","Name":"Service 'test' check","Status":"passing","Notes":"","Output":"","ServiceID":"1","ServiceName":"test","ServiceTags":[],"Type":"ttl","ExposedPort":0,"Definition":{"Interval":"0s","Timeout":"0s","DeregisterCriticalServiceAfter":"0s","HTTP":"","Header":null,"Method":"","Body":"","TLSServerName":"","TLSSkipVerify":false,"TCP":"","TCPUseTLS":false,"UDP":"","GRPC":"","OSService":"","GRPCUseTLS":false},"CreateIndex":104,"ModifyIndex":105}]}]}
{"L":"debug","T":"2026/01/27 15:29:25.194334+0800","C":"consul/watcher.go:110","M":"consul watch fetch","nodeDict":{}}
{"L":"debug","T":"2026/01/27 15:29:25.213282+0800","C":"consul/watcher.go:110","M":"consul watch fetch","nodeDict":{"1":{"id":1,"kind":"test","address":"127.0.0.1","port":8080,"tags":[],"meta":null}}}
{"L":"info","T":"2026/01/27 15:29:25.213798+0800","C":"consul/consul_test.go:17","M":"节点发生变化","topology":{"All":[{"id":1,"kind":"test","address":"127.0.0.1","port":8080,"tags":[],"meta":null}],"Alive":null,"Joined":[{"id":1,"kind":"test","address":"127.0.0.1","port":8080,"tags":[],"meta":null}],"Left":null}}
{"L":"debug","T":"2026/01/27 15:29:26.209834+0800","C":"consul/watcher.go:110","M":"consul watch fetch","nodeDict":{"1":{"id":1,"kind":"test","address":"127.0.0.1","port":8081,"tags":[],"meta":null}}}
{"L":"debug","T":"2026/01/27 15:29:27.211191+0800","C":"consul/watcher.go:110","M":"consul watch fetch","nodeDict":{"1":{"id":1,"kind":"test","address":"127.0.0.1","port":8081,"tags":[],"meta":null}}}
{"L":"debug","T":"2026/01/27 15:29:27.211912+0800","C":"consul/watcher.go:110","M":"consul watch fetch","nodeDict":{}}
{"L":"info","T":"2026/01/27 15:29:27.212510+0800","C":"consul/consul_test.go:17","M":"节点发生变化","topology":{"All":null,"Alive":null,"Joined":null,"Left":[{"id":1,"kind":"test","address":"127.0.0.1","port":8081,"tags":[],"meta":null}]}}
{"L":"debug","T":"2026/01/27 15:29:28.217035+0800","C":"consul/watcher.go:110","M":"consul watch fetch","nodeDict":{}}
{"L":"debug","T":"2026/01/27 15:29:28.217035+0800","C":"consul/watcher.go:110","M":"consul watch fetch","nodeDict":{}}
{"L":"debug","T":"2026/01/27 15:29:28.218241+0800","C":"consul/watcher.go:110","M":"consul watch fetch","nodeDict":{"1":{"id":1,"kind":"test","address":"127.0.0.1","port":8081,"tags":[],"meta":null}}}
{"L":"debug","T":"2026/01/27 15:29:29.220191+0800","C":"consul/watcher.go:110","M":"consul watch fetch","nodeDict":{"1":{"id":1,"kind":"test","address":"127.0.0.1","port":8081,"tags":[],"meta":null}}}
{"L":"debug","T":"2026/01/27 15:33:55.632757+0800","C":"consul/watcher.go:110","M":"consul watch fetch","nodeDict":{}}
{"L":"debug","T":"2026/01/27 15:33:55.650497+0800","C":"consul/watcher.go:110","M":"consul watch fetch","nodeDict":{"1":{"id":1,"kind":"test","address":"127.0.0.1","port":8080,"tags":[],"meta":null}}}
{"L":"info","T":"2026/01/27 15:33:55.650497+0800","C":"consul/consul_test.go:17","M":"节点发生变化","topology":{"All":[{"id":1,"kind":"test","address":"127.0.0.1","port":8080,"tags":[],"meta":null}],"Update":null,"Joined":[{"id":1,"kind":"test","address":"127.0.0.1","port":8080,"tags":[],"meta":null}],"Left":null}}
{"L":"debug","T":"2026/01/27 15:33:56.649449+0800","C":"consul/watcher.go:110","M":"consul watch fetch","nodeDict":{"1":{"id":1,"kind":"test","address":"127.0.0.1","port":8081,"tags":[],"meta":null}}}
{"L":"info","T":"2026/01/27 15:33:56.649449+0800","C":"consul/consul_test.go:17","M":"节点发生变化","topology":{"All":[{"id":1,"kind":"test","address":"127.0.0.1","port":8081,"tags":[],"meta":null}],"Update":[{"id":1,"kind":"test","address":"127.0.0.1","port":8081,"tags":[],"meta":null}],"Joined":null,"Left":null}}
{"L":"debug","T":"2026/01/27 15:33:57.651216+0800","C":"consul/watcher.go:110","M":"consul watch fetch","nodeDict":{"1":{"id":1,"kind":"test","address":"127.0.0.1","port":8081,"tags":[],"meta":null}}}
{"L":"debug","T":"2026/01/27 15:33:57.651216+0800","C":"consul/watcher.go:110","M":"consul watch fetch","nodeDict":{}}
{"L":"info","T":"2026/01/27 15:33:57.651756+0800","C":"consul/consul_test.go:17","M":"节点发生变化","topology":{"All":null,"Update":null,"Joined":null,"Left":[{"id":1,"kind":"test","address":"127.0.0.1","port":8081,"tags":[],"meta":null}]}}
{"L":"debug","T":"2026/01/27 15:33:58.651907+0800","C":"consul/watcher.go:110","M":"consul watch fetch","nodeDict":{}}
{"L":"debug","T":"2026/01/27 15:33:58.658458+0800","C":"consul/watcher.go:110","M":"consul watch fetch","nodeDict":{}}
{"L":"debug","T":"2026/01/27 15:33:58.659612+0800","C":"consul/watcher.go:110","M":"consul watch fetch","nodeDict":{"1":{"id":1,"kind":"test","address":"127.0.0.1","port":8081,"tags":[],"meta":null}}}
{"L":"debug","T":"2026/01/27 15:33:59.661108+0800","C":"consul/watcher.go:110","M":"consul watch fetch","nodeDict":{"1":{"id":1,"kind":"test","address":"127.0.0.1","port":8081,"tags":[],"meta":null}}}
{"L":"error","T":"2026/01/27 15:43:27.211368+0800","C":"consul/serviceHealth.go:117","M":"定时更新TTL失败","memberId":20,"error":"Unexpected response code: 500 (failed persisting state for check \"service:20\": failed to rename temp file from \"checks\\\\state\\\\16d1c5e4b06f199cb5f0913d38adfbaf60d2ac415f1dd45bb9f5a12f9f09febf.tmp\" to \"checks\\\\state\\\\16d1c5e4b06f199cb5f0913d38adfbaf60d2ac415f1dd45bb9f5a12f9f09febf\": rename checks\\state\\16d1c5e4b06f199cb5f0913d38adfbaf60d2ac415f1dd45bb9f5a12f9f09febf.tmp checks\\state\\16d1c5e4b06f199cb5f0913d38adfbaf60d2ac415f1dd45bb9f5a12f9f09febf: Access is denied.)","S":"github.com/dzm2020/gas/pkg/discovery/provider/consul.(*healthKeeper).updateTTL\n\tE:/github/gas/pkg/discovery/provider/consul/serviceHealth.go:117\ngithub.com/dzm2020/gas/pkg/discovery/provider/consul.(*healthKeeper).updateTTLLoop\n\tE:/github/gas/pkg/discovery/provider/consul/serviceHealth.go:107\ngithub.com/dzm2020/gas/pkg/discovery/provider/consul.(*healthKeeper).Register.func1.1\n\tE:/github/gas/pkg/discovery/provider/consul/serviceHealth.go:65\ngithub.com/dzm2020/gas/pkg/lib/grs.GoTry.func1\n\tE:/github/gas/pkg/lib/grs/goroutine.go:49"}
